
*** Running vivado
    with args -log mem_bd_wrapper.vds -m64 -product Vivado -mode batch -messageDb vivado.pb -notrace -source mem_bd_wrapper.tcl


****** Vivado v2023.2 (64-bit)
  **** SW Build 4029153 on Fri Oct 13 20:13:54 MDT 2023
  **** IP Build 4028589 on Sat Oct 14 00:45:43 MDT 2023
  **** SharedData Build 4025554 on Tue Oct 10 17:18:54 MDT 2023
    ** Copyright 1986-2022 Xilinx, Inc. All Rights Reserved.
    ** Copyright 2022-2023 Advanced Micro Devices, Inc. All Rights Reserved.

source mem_bd_wrapper.tcl -notrace
create_project: Time (s): cpu = 00:00:07 ; elapsed = 00:00:07 . Memory (MB): peak = 1558.824 ; gain = 0.023 ; free physical = 14685 ; free virtual = 162912
INFO: [IP_Flow 19-234] Refreshing IP repositories
INFO: [IP_Flow 19-1700] Loaded user IP repository '/home/mss464/minitpu/tpu/ip_repo'.
INFO: [IP_Flow 19-2313] Loaded Vivado IP repository '/opt/xilinx/Vivado/2023.2/data/ip'.
Command: synth_design -top mem_bd_wrapper -part xczu3eg-sbva484-1-i
Starting synth_design
Attempting to get a license for feature 'Synthesis' and/or device 'xczu3eg'
INFO: [Common 17-349] Got license for feature 'Synthesis' and/or device 'xczu3eg'
INFO: [Device 21-403] Loading part xczu3eg-sbva484-1-i
INFO: [Synth 8-7079] Multithreading enabled for synth_design using a maximum of 4 processes.
INFO: [Synth 8-7078] Launching helper process for spawning children vivado processes
INFO: [Synth 8-7075] Helper process launched with PID 2019555
---------------------------------------------------------------------------------
Starting RTL Elaboration : Time (s): cpu = 00:00:04 ; elapsed = 00:00:04 . Memory (MB): peak = 2784.094 ; gain = 289.691 ; free physical = 13167 ; free virtual = 161374
---------------------------------------------------------------------------------
INFO: [Synth 8-6157] synthesizing module 'mem_bd_wrapper' [/home/mss464/minitpu/tpu/build/mem_system/mem_system.gen/sources_1/bd/mem_bd/hdl/mem_bd_wrapper.v:13]
INFO: [Synth 8-6157] synthesizing module 'mem_bd' [/home/mss464/minitpu/tpu/build/mem_system/mem_system.gen/sources_1/bd/mem_bd/synth/mem_bd.v:284]
INFO: [Synth 8-6157] synthesizing module 'mem_bd_axi_dma_0_0' [/home/mss464/minitpu/tpu/build/mem_system/mem_system.runs/synth_1/.Xil/Vivado-2018882-brg-zhang-xcel.ece.cornell.edu/realtime/mem_bd_axi_dma_0_0_stub.v:6]
INFO: [Synth 8-6155] done synthesizing module 'mem_bd_axi_dma_0_0' (0#1) [/home/mss464/minitpu/tpu/build/mem_system/mem_system.runs/synth_1/.Xil/Vivado-2018882-brg-zhang-xcel.ece.cornell.edu/realtime/mem_bd_axi_dma_0_0_stub.v:6]
WARNING: [Synth 8-7071] port 'mm2s_prmry_reset_out_n' of module 'mem_bd_axi_dma_0_0' is unconnected for instance 'axi_dma_0' [/home/mss464/minitpu/tpu/build/mem_system/mem_system.gen/sources_1/bd/mem_bd/synth/mem_bd.v:500]
WARNING: [Synth 8-7071] port 'm_axis_mm2s_tkeep' of module 'mem_bd_axi_dma_0_0' is unconnected for instance 'axi_dma_0' [/home/mss464/minitpu/tpu/build/mem_system/mem_system.gen/sources_1/bd/mem_bd/synth/mem_bd.v:500]
WARNING: [Synth 8-7071] port 's2mm_prmry_reset_out_n' of module 'mem_bd_axi_dma_0_0' is unconnected for instance 'axi_dma_0' [/home/mss464/minitpu/tpu/build/mem_system/mem_system.gen/sources_1/bd/mem_bd/synth/mem_bd.v:500]
WARNING: [Synth 8-7071] port 'mm2s_introut' of module 'mem_bd_axi_dma_0_0' is unconnected for instance 'axi_dma_0' [/home/mss464/minitpu/tpu/build/mem_system/mem_system.gen/sources_1/bd/mem_bd/synth/mem_bd.v:500]
WARNING: [Synth 8-7071] port 's2mm_introut' of module 'mem_bd_axi_dma_0_0' is unconnected for instance 'axi_dma_0' [/home/mss464/minitpu/tpu/build/mem_system/mem_system.gen/sources_1/bd/mem_bd/synth/mem_bd.v:500]
WARNING: [Synth 8-7071] port 'axi_dma_tstvec' of module 'mem_bd_axi_dma_0_0' is unconnected for instance 'axi_dma_0' [/home/mss464/minitpu/tpu/build/mem_system/mem_system.gen/sources_1/bd/mem_bd/synth/mem_bd.v:500]
WARNING: [Synth 8-7023] instance 'axi_dma_0' of module 'mem_bd_axi_dma_0_0' has 64 connections declared, but only 58 given [/home/mss464/minitpu/tpu/build/mem_system/mem_system.gen/sources_1/bd/mem_bd/synth/mem_bd.v:500]
INFO: [Synth 8-6157] synthesizing module 'mem_bd_axi_interconnect_0_0' [/home/mss464/minitpu/tpu/build/mem_system/mem_system.gen/sources_1/bd/mem_bd/synth/mem_bd.v:968]
INFO: [Synth 8-6157] synthesizing module 'm00_couplers_imp_RBVKZV' [/home/mss464/minitpu/tpu/build/mem_system/mem_system.gen/sources_1/bd/mem_bd/synth/mem_bd.v:13]
INFO: [Synth 8-6155] done synthesizing module 'm00_couplers_imp_RBVKZV' (0#1) [/home/mss464/minitpu/tpu/build/mem_system/mem_system.gen/sources_1/bd/mem_bd/synth/mem_bd.v:13]
INFO: [Synth 8-6157] synthesizing module 'm01_couplers_imp_1KMLNYY' [/home/mss464/minitpu/tpu/build/mem_system/mem_system.gen/sources_1/bd/mem_bd/synth/mem_bd.v:138]
INFO: [Synth 8-6155] done synthesizing module 'm01_couplers_imp_1KMLNYY' (0#1) [/home/mss464/minitpu/tpu/build/mem_system/mem_system.gen/sources_1/bd/mem_bd/synth/mem_bd.v:138]
INFO: [Synth 8-6157] synthesizing module 's00_couplers_imp_NUHEHM' [/home/mss464/minitpu/tpu/build/mem_system/mem_system.gen/sources_1/bd/mem_bd/synth/mem_bd.v:1520]
INFO: [Synth 8-6157] synthesizing module 'mem_bd_auto_pc_0' [/home/mss464/minitpu/tpu/build/mem_system/mem_system.runs/synth_1/.Xil/Vivado-2018882-brg-zhang-xcel.ece.cornell.edu/realtime/mem_bd_auto_pc_0_stub.v:6]
INFO: [Synth 8-6155] done synthesizing module 'mem_bd_auto_pc_0' (0#1) [/home/mss464/minitpu/tpu/build/mem_system/mem_system.runs/synth_1/.Xil/Vivado-2018882-brg-zhang-xcel.ece.cornell.edu/realtime/mem_bd_auto_pc_0_stub.v:6]
INFO: [Synth 8-6155] done synthesizing module 's00_couplers_imp_NUHEHM' (0#1) [/home/mss464/minitpu/tpu/build/mem_system/mem_system.gen/sources_1/bd/mem_bd/synth/mem_bd.v:1520]
INFO: [Synth 8-6157] synthesizing module 'mem_bd_xbar_0' [/home/mss464/minitpu/tpu/build/mem_system/mem_system.runs/synth_1/.Xil/Vivado-2018882-brg-zhang-xcel.ece.cornell.edu/realtime/mem_bd_xbar_0_stub.v:6]
INFO: [Synth 8-6155] done synthesizing module 'mem_bd_xbar_0' (0#1) [/home/mss464/minitpu/tpu/build/mem_system/mem_system.runs/synth_1/.Xil/Vivado-2018882-brg-zhang-xcel.ece.cornell.edu/realtime/mem_bd_xbar_0_stub.v:6]
INFO: [Synth 8-6155] done synthesizing module 'mem_bd_axi_interconnect_0_0' (0#1) [/home/mss464/minitpu/tpu/build/mem_system/mem_system.gen/sources_1/bd/mem_bd/synth/mem_bd.v:968]
INFO: [Synth 8-6157] synthesizing module 'mem_bd_axi_smc_0' [/home/mss464/minitpu/tpu/build/mem_system/mem_system.runs/synth_1/.Xil/Vivado-2018882-brg-zhang-xcel.ece.cornell.edu/realtime/mem_bd_axi_smc_0_stub.v:6]
INFO: [Synth 8-6155] done synthesizing module 'mem_bd_axi_smc_0' (0#1) [/home/mss464/minitpu/tpu/build/mem_system/mem_system.runs/synth_1/.Xil/Vivado-2018882-brg-zhang-xcel.ece.cornell.edu/realtime/mem_bd_axi_smc_0_stub.v:6]
INFO: [Synth 8-6157] synthesizing module 'mem_bd_axi_smc_full_0' [/home/mss464/minitpu/tpu/build/mem_system/mem_system.runs/synth_1/.Xil/Vivado-2018882-brg-zhang-xcel.ece.cornell.edu/realtime/mem_bd_axi_smc_full_0_stub.v:6]
INFO: [Synth 8-6155] done synthesizing module 'mem_bd_axi_smc_full_0' (0#1) [/home/mss464/minitpu/tpu/build/mem_system/mem_system.runs/synth_1/.Xil/Vivado-2018882-brg-zhang-xcel.ece.cornell.edu/realtime/mem_bd_axi_smc_full_0_stub.v:6]
WARNING: [Synth 8-7071] port 'M00_AXI_awlock' of module 'mem_bd_axi_smc_full_0' is unconnected for instance 'axi_smc_full' [/home/mss464/minitpu/tpu/build/mem_system/mem_system.gen/sources_1/bd/mem_bd/synth/mem_bd.v:709]
WARNING: [Synth 8-7071] port 'M00_AXI_awcache' of module 'mem_bd_axi_smc_full_0' is unconnected for instance 'axi_smc_full' [/home/mss464/minitpu/tpu/build/mem_system/mem_system.gen/sources_1/bd/mem_bd/synth/mem_bd.v:709]
WARNING: [Synth 8-7071] port 'M00_AXI_awprot' of module 'mem_bd_axi_smc_full_0' is unconnected for instance 'axi_smc_full' [/home/mss464/minitpu/tpu/build/mem_system/mem_system.gen/sources_1/bd/mem_bd/synth/mem_bd.v:709]
WARNING: [Synth 8-7071] port 'M00_AXI_awqos' of module 'mem_bd_axi_smc_full_0' is unconnected for instance 'axi_smc_full' [/home/mss464/minitpu/tpu/build/mem_system/mem_system.gen/sources_1/bd/mem_bd/synth/mem_bd.v:709]
WARNING: [Synth 8-7071] port 'M00_AXI_awuser' of module 'mem_bd_axi_smc_full_0' is unconnected for instance 'axi_smc_full' [/home/mss464/minitpu/tpu/build/mem_system/mem_system.gen/sources_1/bd/mem_bd/synth/mem_bd.v:709]
WARNING: [Synth 8-7071] port 'M00_AXI_arlock' of module 'mem_bd_axi_smc_full_0' is unconnected for instance 'axi_smc_full' [/home/mss464/minitpu/tpu/build/mem_system/mem_system.gen/sources_1/bd/mem_bd/synth/mem_bd.v:709]
WARNING: [Synth 8-7071] port 'M00_AXI_arcache' of module 'mem_bd_axi_smc_full_0' is unconnected for instance 'axi_smc_full' [/home/mss464/minitpu/tpu/build/mem_system/mem_system.gen/sources_1/bd/mem_bd/synth/mem_bd.v:709]
WARNING: [Synth 8-7071] port 'M00_AXI_arprot' of module 'mem_bd_axi_smc_full_0' is unconnected for instance 'axi_smc_full' [/home/mss464/minitpu/tpu/build/mem_system/mem_system.gen/sources_1/bd/mem_bd/synth/mem_bd.v:709]
WARNING: [Synth 8-7071] port 'M00_AXI_arqos' of module 'mem_bd_axi_smc_full_0' is unconnected for instance 'axi_smc_full' [/home/mss464/minitpu/tpu/build/mem_system/mem_system.gen/sources_1/bd/mem_bd/synth/mem_bd.v:709]
WARNING: [Synth 8-7071] port 'M00_AXI_aruser' of module 'mem_bd_axi_smc_full_0' is unconnected for instance 'axi_smc_full' [/home/mss464/minitpu/tpu/build/mem_system/mem_system.gen/sources_1/bd/mem_bd/synth/mem_bd.v:709]
WARNING: [Synth 8-7023] instance 'axi_smc_full' of module 'mem_bd_axi_smc_full_0' has 76 connections declared, but only 66 given [/home/mss464/minitpu/tpu/build/mem_system/mem_system.gen/sources_1/bd/mem_bd/synth/mem_bd.v:709]
INFO: [Synth 8-6157] synthesizing module 'mem_bd_mem_top_0_0' [/home/mss464/minitpu/tpu/build/mem_system/mem_system.runs/synth_1/.Xil/Vivado-2018882-brg-zhang-xcel.ece.cornell.edu/realtime/mem_bd_mem_top_0_0_stub.v:6]
INFO: [Synth 8-6155] done synthesizing module 'mem_bd_mem_top_0_0' (0#1) [/home/mss464/minitpu/tpu/build/mem_system/mem_system.runs/synth_1/.Xil/Vivado-2018882-brg-zhang-xcel.ece.cornell.edu/realtime/mem_bd_mem_top_0_0_stub.v:6]
WARNING: [Synth 8-7071] port 'm00_axis_tstrb' of module 'mem_bd_mem_top_0_0' is unconnected for instance 'mem_top_0' [/home/mss464/minitpu/tpu/build/mem_system/mem_system.gen/sources_1/bd/mem_bd/synth/mem_bd.v:776]
WARNING: [Synth 8-7023] instance 'mem_top_0' of module 'mem_bd_mem_top_0_0' has 63 connections declared, but only 62 given [/home/mss464/minitpu/tpu/build/mem_system/mem_system.gen/sources_1/bd/mem_bd/synth/mem_bd.v:776]
INFO: [Synth 8-6157] synthesizing module 'mem_bd_proc_sys_reset_0_0' [/home/mss464/minitpu/tpu/build/mem_system/mem_system.runs/synth_1/.Xil/Vivado-2018882-brg-zhang-xcel.ece.cornell.edu/realtime/mem_bd_proc_sys_reset_0_0_stub.v:6]
INFO: [Synth 8-6155] done synthesizing module 'mem_bd_proc_sys_reset_0_0' (0#1) [/home/mss464/minitpu/tpu/build/mem_system/mem_system.runs/synth_1/.Xil/Vivado-2018882-brg-zhang-xcel.ece.cornell.edu/realtime/mem_bd_proc_sys_reset_0_0_stub.v:6]
WARNING: [Synth 8-7071] port 'mb_reset' of module 'mem_bd_proc_sys_reset_0_0' is unconnected for instance 'proc_sys_reset_0' [/home/mss464/minitpu/tpu/build/mem_system/mem_system.gen/sources_1/bd/mem_bd/synth/mem_bd.v:839]
WARNING: [Synth 8-7071] port 'bus_struct_reset' of module 'mem_bd_proc_sys_reset_0_0' is unconnected for instance 'proc_sys_reset_0' [/home/mss464/minitpu/tpu/build/mem_system/mem_system.gen/sources_1/bd/mem_bd/synth/mem_bd.v:839]
WARNING: [Synth 8-7071] port 'peripheral_reset' of module 'mem_bd_proc_sys_reset_0_0' is unconnected for instance 'proc_sys_reset_0' [/home/mss464/minitpu/tpu/build/mem_system/mem_system.gen/sources_1/bd/mem_bd/synth/mem_bd.v:839]
WARNING: [Synth 8-7023] instance 'proc_sys_reset_0' of module 'mem_bd_proc_sys_reset_0_0' has 10 connections declared, but only 7 given [/home/mss464/minitpu/tpu/build/mem_system/mem_system.gen/sources_1/bd/mem_bd/synth/mem_bd.v:839]
INFO: [Synth 8-6157] synthesizing module 'mem_bd_zynq_ps_0' [/home/mss464/minitpu/tpu/build/mem_system/mem_system.runs/synth_1/.Xil/Vivado-2018882-brg-zhang-xcel.ece.cornell.edu/realtime/mem_bd_zynq_ps_0_stub.v:6]
INFO: [Synth 8-6155] done synthesizing module 'mem_bd_zynq_ps_0' (0#1) [/home/mss464/minitpu/tpu/build/mem_system/mem_system.runs/synth_1/.Xil/Vivado-2018882-brg-zhang-xcel.ece.cornell.edu/realtime/mem_bd_zynq_ps_0_stub.v:6]
WARNING: [Synth 8-7071] port 'maxigp2_awuser' of module 'mem_bd_zynq_ps_0' is unconnected for instance 'zynq_ps' [/home/mss464/minitpu/tpu/build/mem_system/mem_system.gen/sources_1/bd/mem_bd/synth/mem_bd.v:847]
WARNING: [Synth 8-7071] port 'maxigp2_aruser' of module 'mem_bd_zynq_ps_0' is unconnected for instance 'zynq_ps' [/home/mss464/minitpu/tpu/build/mem_system/mem_system.gen/sources_1/bd/mem_bd/synth/mem_bd.v:847]
WARNING: [Synth 8-7071] port 'saxigp2_bid' of module 'mem_bd_zynq_ps_0' is unconnected for instance 'zynq_ps' [/home/mss464/minitpu/tpu/build/mem_system/mem_system.gen/sources_1/bd/mem_bd/synth/mem_bd.v:847]
WARNING: [Synth 8-7071] port 'saxigp2_rid' of module 'mem_bd_zynq_ps_0' is unconnected for instance 'zynq_ps' [/home/mss464/minitpu/tpu/build/mem_system/mem_system.gen/sources_1/bd/mem_bd/synth/mem_bd.v:847]
WARNING: [Synth 8-7023] instance 'zynq_ps' of module 'mem_bd_zynq_ps_0' has 122 connections declared, but only 118 given [/home/mss464/minitpu/tpu/build/mem_system/mem_system.gen/sources_1/bd/mem_bd/synth/mem_bd.v:847]
INFO: [Synth 8-6155] done synthesizing module 'mem_bd' (0#1) [/home/mss464/minitpu/tpu/build/mem_system/mem_system.gen/sources_1/bd/mem_bd/synth/mem_bd.v:284]
INFO: [Synth 8-6155] done synthesizing module 'mem_bd_wrapper' (0#1) [/home/mss464/minitpu/tpu/build/mem_system/mem_system.gen/sources_1/bd/mem_bd/hdl/mem_bd_wrapper.v:13]
WARNING: [Synth 8-7129] Port M_ACLK in module s00_couplers_imp_NUHEHM is either unconnected or has no load
WARNING: [Synth 8-7129] Port M_ARESETN in module s00_couplers_imp_NUHEHM is either unconnected or has no load
WARNING: [Synth 8-7129] Port M_ACLK in module m01_couplers_imp_1KMLNYY is either unconnected or has no load
WARNING: [Synth 8-7129] Port M_ARESETN in module m01_couplers_imp_1KMLNYY is either unconnected or has no load
WARNING: [Synth 8-7129] Port S_ACLK in module m01_couplers_imp_1KMLNYY is either unconnected or has no load
WARNING: [Synth 8-7129] Port S_ARESETN in module m01_couplers_imp_1KMLNYY is either unconnected or has no load
WARNING: [Synth 8-7129] Port M_ACLK in module m00_couplers_imp_RBVKZV is either unconnected or has no load
WARNING: [Synth 8-7129] Port M_ARESETN in module m00_couplers_imp_RBVKZV is either unconnected or has no load
WARNING: [Synth 8-7129] Port S_ACLK in module m00_couplers_imp_RBVKZV is either unconnected or has no load
WARNING: [Synth 8-7129] Port S_ARESETN in module m00_couplers_imp_RBVKZV is either unconnected or has no load
WARNING: [Synth 8-7129] Port M00_ACLK in module mem_bd_axi_interconnect_0_0 is either unconnected or has no load
WARNING: [Synth 8-7129] Port M00_ARESETN in module mem_bd_axi_interconnect_0_0 is either unconnected or has no load
WARNING: [Synth 8-7129] Port M01_ACLK in module mem_bd_axi_interconnect_0_0 is either unconnected or has no load
WARNING: [Synth 8-7129] Port M01_ARESETN in module mem_bd_axi_interconnect_0_0 is either unconnected or has no load
WARNING: [Synth 8-7129] Port S00_ACLK in module mem_bd_axi_interconnect_0_0 is either unconnected or has no load
WARNING: [Synth 8-7129] Port S00_ARESETN in module mem_bd_axi_interconnect_0_0 is either unconnected or has no load
---------------------------------------------------------------------------------
Finished RTL Elaboration : Time (s): cpu = 00:00:06 ; elapsed = 00:00:06 . Memory (MB): peak = 2868.062 ; gain = 373.660 ; free physical = 13083 ; free virtual = 161291
---------------------------------------------------------------------------------
---------------------------------------------------------------------------------
Start Handling Custom Attributes
---------------------------------------------------------------------------------
---------------------------------------------------------------------------------
Finished Handling Custom Attributes : Time (s): cpu = 00:00:06 ; elapsed = 00:00:06 . Memory (MB): peak = 2871.031 ; gain = 376.629 ; free physical = 13082 ; free virtual = 161290
---------------------------------------------------------------------------------
---------------------------------------------------------------------------------
Finished RTL Optimization Phase 1 : Time (s): cpu = 00:00:06 ; elapsed = 00:00:06 . Memory (MB): peak = 2871.031 ; gain = 376.629 ; free physical = 13082 ; free virtual = 161290
---------------------------------------------------------------------------------
Netlist sorting complete. Time (s): cpu = 00:00:00.02 ; elapsed = 00:00:00.02 . Memory (MB): peak = 2871.031 ; gain = 0.000 ; free physical = 13082 ; free virtual = 161290
INFO: [Project 1-570] Preparing netlist for logic optimization

Processing XDC Constraints
Initializing timing engine
Parsing XDC File [/home/mss464/minitpu/tpu/build/mem_system/mem_system.gen/sources_1/bd/mem_bd/ip/mem_bd_zynq_ps_0/mem_bd_zynq_ps_0/mem_bd_zynq_ps_0_in_context.xdc] for cell 'mem_bd_i/zynq_ps'
Finished Parsing XDC File [/home/mss464/minitpu/tpu/build/mem_system/mem_system.gen/sources_1/bd/mem_bd/ip/mem_bd_zynq_ps_0/mem_bd_zynq_ps_0/mem_bd_zynq_ps_0_in_context.xdc] for cell 'mem_bd_i/zynq_ps'
Parsing XDC File [/home/mss464/minitpu/tpu/build/mem_system/mem_system.gen/sources_1/bd/mem_bd/ip/mem_bd_proc_sys_reset_0_0/mem_bd_proc_sys_reset_0_0/mem_bd_proc_sys_reset_0_0_in_context.xdc] for cell 'mem_bd_i/proc_sys_reset_0'
Finished Parsing XDC File [/home/mss464/minitpu/tpu/build/mem_system/mem_system.gen/sources_1/bd/mem_bd/ip/mem_bd_proc_sys_reset_0_0/mem_bd_proc_sys_reset_0_0/mem_bd_proc_sys_reset_0_0_in_context.xdc] for cell 'mem_bd_i/proc_sys_reset_0'
Parsing XDC File [/home/mss464/minitpu/tpu/build/mem_system/mem_system.gen/sources_1/bd/mem_bd/ip/mem_bd_axi_dma_0_0/mem_bd_axi_dma_0_0/mem_bd_axi_dma_0_0_in_context.xdc] for cell 'mem_bd_i/axi_dma_0'
Finished Parsing XDC File [/home/mss464/minitpu/tpu/build/mem_system/mem_system.gen/sources_1/bd/mem_bd/ip/mem_bd_axi_dma_0_0/mem_bd_axi_dma_0_0/mem_bd_axi_dma_0_0_in_context.xdc] for cell 'mem_bd_i/axi_dma_0'
Parsing XDC File [/home/mss464/minitpu/tpu/build/mem_system/mem_system.gen/sources_1/bd/mem_bd/ip/mem_bd_mem_top_0_0/mem_bd_mem_top_0_0/mem_bd_mem_top_0_0_in_context.xdc] for cell 'mem_bd_i/mem_top_0'
Finished Parsing XDC File [/home/mss464/minitpu/tpu/build/mem_system/mem_system.gen/sources_1/bd/mem_bd/ip/mem_bd_mem_top_0_0/mem_bd_mem_top_0_0/mem_bd_mem_top_0_0_in_context.xdc] for cell 'mem_bd_i/mem_top_0'
Parsing XDC File [/home/mss464/minitpu/tpu/build/mem_system/mem_system.gen/sources_1/bd/mem_bd/ip/mem_bd_xbar_0/mem_bd_xbar_0/mem_bd_xbar_0_in_context.xdc] for cell 'mem_bd_i/axi_interconnect_0/xbar'
Finished Parsing XDC File [/home/mss464/minitpu/tpu/build/mem_system/mem_system.gen/sources_1/bd/mem_bd/ip/mem_bd_xbar_0/mem_bd_xbar_0/mem_bd_xbar_0_in_context.xdc] for cell 'mem_bd_i/axi_interconnect_0/xbar'
Parsing XDC File [/home/mss464/minitpu/tpu/build/mem_system/mem_system.gen/sources_1/bd/mem_bd/ip/mem_bd_auto_pc_0/mem_bd_auto_pc_0/mem_bd_auto_pc_0_in_context.xdc] for cell 'mem_bd_i/axi_interconnect_0/s00_couplers/auto_pc'
Finished Parsing XDC File [/home/mss464/minitpu/tpu/build/mem_system/mem_system.gen/sources_1/bd/mem_bd/ip/mem_bd_auto_pc_0/mem_bd_auto_pc_0/mem_bd_auto_pc_0_in_context.xdc] for cell 'mem_bd_i/axi_interconnect_0/s00_couplers/auto_pc'
Parsing XDC File [/home/mss464/minitpu/tpu/build/mem_system/mem_system.gen/sources_1/bd/mem_bd/ip/mem_bd_axi_smc_0/mem_bd_axi_smc_0/mem_bd_axi_smc_0_in_context.xdc] for cell 'mem_bd_i/axi_smc'
Finished Parsing XDC File [/home/mss464/minitpu/tpu/build/mem_system/mem_system.gen/sources_1/bd/mem_bd/ip/mem_bd_axi_smc_0/mem_bd_axi_smc_0/mem_bd_axi_smc_0_in_context.xdc] for cell 'mem_bd_i/axi_smc'
Parsing XDC File [/home/mss464/minitpu/tpu/build/mem_system/mem_system.gen/sources_1/bd/mem_bd/ip/mem_bd_axi_smc_full_0/mem_bd_axi_smc_full_0/mem_bd_axi_smc_full_0_in_context.xdc] for cell 'mem_bd_i/axi_smc_full'
Finished Parsing XDC File [/home/mss464/minitpu/tpu/build/mem_system/mem_system.gen/sources_1/bd/mem_bd/ip/mem_bd_axi_smc_full_0/mem_bd_axi_smc_full_0/mem_bd_axi_smc_full_0_in_context.xdc] for cell 'mem_bd_i/axi_smc_full'
Parsing XDC File [/home/mss464/minitpu/tpu/build/mem_system/mem_system.runs/synth_1/dont_touch.xdc]
Finished Parsing XDC File [/home/mss464/minitpu/tpu/build/mem_system/mem_system.runs/synth_1/dont_touch.xdc]
Completed Processing XDC Constraints

Netlist sorting complete. Time (s): cpu = 00:00:00 ; elapsed = 00:00:00 . Memory (MB): peak = 2943.969 ; gain = 0.000 ; free physical = 13071 ; free virtual = 161279
INFO: [Project 1-111] Unisim Transformation Summary:
No Unisim elements were transformed.

Constraint Validation Runtime : Time (s): cpu = 00:00:00.01 ; elapsed = 00:00:00.01 . Memory (MB): peak = 2944.004 ; gain = 0.000 ; free physical = 13075 ; free virtual = 161283
---------------------------------------------------------------------------------
Finished Constraint Validation : Time (s): cpu = 00:00:17 ; elapsed = 00:00:18 . Memory (MB): peak = 2944.004 ; gain = 449.602 ; free physical = 13087 ; free virtual = 161295
---------------------------------------------------------------------------------
---------------------------------------------------------------------------------
Start Loading Part and Timing Information
---------------------------------------------------------------------------------
Loading part: xczu3eg-sbva484-1-i
INFO: [Synth 8-6742] Reading net delay rules and data
---------------------------------------------------------------------------------
Finished Loading Part and Timing Information : Time (s): cpu = 00:00:17 ; elapsed = 00:00:18 . Memory (MB): peak = 2944.004 ; gain = 449.602 ; free physical = 13087 ; free virtual = 161295
---------------------------------------------------------------------------------
---------------------------------------------------------------------------------
Start Applying 'set_property' XDC Constraints
---------------------------------------------------------------------------------
Applied set_property KEEP_HIERARCHY = SOFT for mem_bd_i. (constraint file  auto generated constraint).
Applied set_property KEEP_HIERARCHY = SOFT for mem_bd_i/zynq_ps. (constraint file  auto generated constraint).
Applied set_property KEEP_HIERARCHY = SOFT for mem_bd_i/proc_sys_reset_0. (constraint file  auto generated constraint).
Applied set_property KEEP_HIERARCHY = SOFT for mem_bd_i/axi_dma_0. (constraint file  auto generated constraint).
Applied set_property KEEP_HIERARCHY = SOFT for mem_bd_i/mem_top_0. (constraint file  auto generated constraint).
Applied set_property KEEP_HIERARCHY = SOFT for mem_bd_i/axi_interconnect_0/xbar. (constraint file  auto generated constraint).
Applied set_property KEEP_HIERARCHY = SOFT for mem_bd_i/axi_interconnect_0/s00_couplers/auto_pc. (constraint file  auto generated constraint).
Applied set_property KEEP_HIERARCHY = SOFT for mem_bd_i/axi_interconnect_0. (constraint file  auto generated constraint).
Applied set_property KEEP_HIERARCHY = SOFT for mem_bd_i/axi_smc. (constraint file  auto generated constraint).
Applied set_property KEEP_HIERARCHY = SOFT for mem_bd_i/axi_smc_full. (constraint file  auto generated constraint).
---------------------------------------------------------------------------------
Finished applying 'set_property' XDC Constraints : Time (s): cpu = 00:00:17 ; elapsed = 00:00:18 . Memory (MB): peak = 2944.004 ; gain = 449.602 ; free physical = 13087 ; free virtual = 161294
---------------------------------------------------------------------------------
---------------------------------------------------------------------------------
Finished RTL Optimization Phase 2 : Time (s): cpu = 00:00:17 ; elapsed = 00:00:18 . Memory (MB): peak = 2944.004 ; gain = 449.602 ; free physical = 13085 ; free virtual = 161294
---------------------------------------------------------------------------------
---------------------------------------------------------------------------------
Start RTL Component Statistics 
---------------------------------------------------------------------------------
Detailed RTL Component Info : 
---------------------------------------------------------------------------------
Finished RTL Component Statistics 
---------------------------------------------------------------------------------
---------------------------------------------------------------------------------
Start Part Resource Summary
---------------------------------------------------------------------------------
Part Resources:
DSPs: 360 (col length:72)
BRAMs: 432 (col length: RAMB18 72 RAMB36 36)
---------------------------------------------------------------------------------
Finished Part Resource Summary
---------------------------------------------------------------------------------
---------------------------------------------------------------------------------
Start Cross Boundary and Area Optimization
---------------------------------------------------------------------------------
WARNING: [Synth 8-7080] Parallel synthesis criteria is not met
WARNING: [Synth 8-7129] Port M00_ACLK in module mem_bd_axi_interconnect_0_0 is either unconnected or has no load
WARNING: [Synth 8-7129] Port M00_ARESETN in module mem_bd_axi_interconnect_0_0 is either unconnected or has no load
WARNING: [Synth 8-7129] Port M01_ACLK in module mem_bd_axi_interconnect_0_0 is either unconnected or has no load
WARNING: [Synth 8-7129] Port M01_ARESETN in module mem_bd_axi_interconnect_0_0 is either unconnected or has no load
WARNING: [Synth 8-7129] Port S00_ACLK in module mem_bd_axi_interconnect_0_0 is either unconnected or has no load
WARNING: [Synth 8-7129] Port S00_ARESETN in module mem_bd_axi_interconnect_0_0 is either unconnected or has no load
---------------------------------------------------------------------------------
Finished Cross Boundary and Area Optimization : Time (s): cpu = 00:00:19 ; elapsed = 00:00:19 . Memory (MB): peak = 2944.004 ; gain = 449.602 ; free physical = 13077 ; free virtual = 161290
---------------------------------------------------------------------------------
---------------------------------------------------------------------------------
Start Applying XDC Timing Constraints
---------------------------------------------------------------------------------
---------------------------------------------------------------------------------
Finished Applying XDC Timing Constraints : Time (s): cpu = 00:00:27 ; elapsed = 00:00:28 . Memory (MB): peak = 3413.352 ; gain = 918.949 ; free physical = 12636 ; free virtual = 160850
---------------------------------------------------------------------------------
---------------------------------------------------------------------------------
Start Timing Optimization
---------------------------------------------------------------------------------
---------------------------------------------------------------------------------
Finished Timing Optimization : Time (s): cpu = 00:00:27 ; elapsed = 00:00:28 . Memory (MB): peak = 3413.352 ; gain = 918.949 ; free physical = 12636 ; free virtual = 160850
---------------------------------------------------------------------------------
---------------------------------------------------------------------------------
Start Technology Mapping
---------------------------------------------------------------------------------
---------------------------------------------------------------------------------
Finished Technology Mapping : Time (s): cpu = 00:00:27 ; elapsed = 00:00:28 . Memory (MB): peak = 3424.359 ; gain = 929.957 ; free physical = 12626 ; free virtual = 160839
---------------------------------------------------------------------------------
---------------------------------------------------------------------------------
Start IO Insertion
---------------------------------------------------------------------------------
---------------------------------------------------------------------------------
Start Flattening Before IO Insertion
---------------------------------------------------------------------------------
---------------------------------------------------------------------------------
Finished Flattening Before IO Insertion
---------------------------------------------------------------------------------
---------------------------------------------------------------------------------
Start Final Netlist Cleanup
---------------------------------------------------------------------------------
---------------------------------------------------------------------------------
Finished Final Netlist Cleanup
---------------------------------------------------------------------------------
---------------------------------------------------------------------------------
Finished IO Insertion : Time (s): cpu = 00:00:32 ; elapsed = 00:00:32 . Memory (MB): peak = 3438.234 ; gain = 943.832 ; free physical = 12618 ; free virtual = 160831
---------------------------------------------------------------------------------
---------------------------------------------------------------------------------
Start Renaming Generated Instances
---------------------------------------------------------------------------------
---------------------------------------------------------------------------------
Finished Renaming Generated Instances : Time (s): cpu = 00:00:32 ; elapsed = 00:00:32 . Memory (MB): peak = 3438.234 ; gain = 943.832 ; free physical = 12618 ; free virtual = 160831
---------------------------------------------------------------------------------
---------------------------------------------------------------------------------
Start Rebuilding User Hierarchy
---------------------------------------------------------------------------------
---------------------------------------------------------------------------------
Finished Rebuilding User Hierarchy : Time (s): cpu = 00:00:32 ; elapsed = 00:00:32 . Memory (MB): peak = 3438.234 ; gain = 943.832 ; free physical = 12618 ; free virtual = 160831
---------------------------------------------------------------------------------
---------------------------------------------------------------------------------
Start Renaming Generated Ports
---------------------------------------------------------------------------------
---------------------------------------------------------------------------------
Finished Renaming Generated Ports : Time (s): cpu = 00:00:32 ; elapsed = 00:00:32 . Memory (MB): peak = 3438.234 ; gain = 943.832 ; free physical = 12618 ; free virtual = 160831
---------------------------------------------------------------------------------
---------------------------------------------------------------------------------
Start Handling Custom Attributes
---------------------------------------------------------------------------------
---------------------------------------------------------------------------------
Finished Handling Custom Attributes : Time (s): cpu = 00:00:32 ; elapsed = 00:00:32 . Memory (MB): peak = 3438.234 ; gain = 943.832 ; free physical = 12618 ; free virtual = 160831
---------------------------------------------------------------------------------
---------------------------------------------------------------------------------
Start Renaming Generated Nets
---------------------------------------------------------------------------------
---------------------------------------------------------------------------------
Finished Renaming Generated Nets : Time (s): cpu = 00:00:32 ; elapsed = 00:00:32 . Memory (MB): peak = 3438.234 ; gain = 943.832 ; free physical = 12618 ; free virtual = 160831
---------------------------------------------------------------------------------
---------------------------------------------------------------------------------
Start Writing Synthesis Report
---------------------------------------------------------------------------------

Report BlackBoxes: 
+------+--------------------------+----------+
|      |BlackBox name             |Instances |
+------+--------------------------+----------+
|1     |mem_bd_xbar_0             |         1|
|2     |mem_bd_auto_pc_0          |         1|
|3     |mem_bd_axi_dma_0_0        |         1|
|4     |mem_bd_axi_smc_0          |         1|
|5     |mem_bd_axi_smc_full_0     |         1|
|6     |mem_bd_mem_top_0_0        |         1|
|7     |mem_bd_proc_sys_reset_0_0 |         1|
|8     |mem_bd_zynq_ps_0          |         1|
+------+--------------------------+----------+

Report Cell Usage: 
+------+------------------------+------+
|      |Cell                    |Count |
+------+------------------------+------+
|1     |mem_bd_auto_pc          |     1|
|2     |mem_bd_axi_dma_0        |     1|
|3     |mem_bd_axi_smc          |     1|
|4     |mem_bd_axi_smc_full     |     1|
|5     |mem_bd_mem_top_0        |     1|
|6     |mem_bd_proc_sys_reset_0 |     1|
|7     |mem_bd_xbar             |     1|
|8     |mem_bd_zynq_ps          |     1|
+------+------------------------+------+
---------------------------------------------------------------------------------
Finished Writing Synthesis Report : Time (s): cpu = 00:00:32 ; elapsed = 00:00:33 . Memory (MB): peak = 3438.234 ; gain = 943.832 ; free physical = 12618 ; free virtual = 160831
---------------------------------------------------------------------------------
Synthesis finished with 0 errors, 0 critical warnings and 7 warnings.
Synthesis Optimization Runtime : Time (s): cpu = 00:00:26 ; elapsed = 00:00:26 . Memory (MB): peak = 3438.234 ; gain = 870.859 ; free physical = 12618 ; free virtual = 160831
Synthesis Optimization Complete : Time (s): cpu = 00:00:32 ; elapsed = 00:00:33 . Memory (MB): peak = 3438.242 ; gain = 943.832 ; free physical = 12617 ; free virtual = 160830
INFO: [Project 1-571] Translating synthesized netlist
Netlist sorting complete. Time (s): cpu = 00:00:00.02 ; elapsed = 00:00:00.02 . Memory (MB): peak = 3438.242 ; gain = 0.000 ; free physical = 12907 ; free virtual = 161121
INFO: [Project 1-570] Preparing netlist for logic optimization
INFO: [Opt 31-138] Pushed 0 inverter(s) to 0 load pin(s).
Netlist sorting complete. Time (s): cpu = 00:00:00 ; elapsed = 00:00:00 . Memory (MB): peak = 3472.891 ; gain = 0.000 ; free physical = 12879 ; free virtual = 161092
INFO: [Project 1-111] Unisim Transformation Summary:
No Unisim elements were transformed.

Synth Design complete | Checksum: 71b34280
INFO: [Common 17-83] Releasing license: Synthesis
44 Infos, 52 Warnings, 0 Critical Warnings and 0 Errors encountered.
synth_design completed successfully
synth_design: Time (s): cpu = 00:00:40 ; elapsed = 00:00:38 . Memory (MB): peak = 3487.863 ; gain = 1879.195 ; free physical = 12860 ; free virtual = 161074
INFO: [Common 17-2834] synth_design peak Physical Memory [PSS] (MB): overall = 2722.802; main = 2441.482; forked = 350.645
INFO: [Common 17-2834] synth_design peak Virtual Memory [VSS] (MB): overall = 5037.613; main = 3487.832; forked = 1613.250
INFO: [Common 17-1381] The checkpoint '/home/mss464/minitpu/tpu/build/mem_system/mem_system.runs/synth_1/mem_bd_wrapper.dcp' has been generated.
INFO: [runtcl-4] Executing : report_utilization -file mem_bd_wrapper_utilization_synth.rpt -pb mem_bd_wrapper_utilization_synth.pb
INFO: [Common 17-206] Exiting Vivado at Mon Apr  6 13:41:09 2026...
