#-----------------------------------------------------------
# Vivado v2023.2 (64-bit)
# SW Build 4029153 on Fri Oct 13 20:13:54 MDT 2023
# IP Build 4028589 on Sat Oct 14 00:45:43 MDT 2023
# SharedData Build 4025554 on Tue Oct 10 17:18:54 MDT 2023
# Start of session at: Mon Apr  6 12:29:51 2026
# Process ID: 1856678
# Current directory: /home/mss464/minitpu/tpu
# Command line: vivado -mode batch -nojournal -source scripts/package_mem_ip.tcl -tclargs -ip_name mem_subsys -part xczu3eg-sbva484-1-i -rtl_dir src/system -repo_out ip_repo
# Log file: /home/mss464/minitpu/tpu/vivado.log
# Journal file: 
# Running On: brg-zhang-xcel.ece.cornell.edu, OS: Linux, CPU Frequency: 3200.000 MHz, CPU Physical cores: 23, Host memory: 235732 MB
#-----------------------------------------------------------
source scripts/package_mem_ip.tcl
# set ip_name     "mem_subsys"
# set part        "xczu3eg-sbva484-1-i"
# set rtl_dirs    {}
# set repo_out    ""
# set ip_version  "1.0"
# set ip_vendor   ""
# set ip_library  "user"
# proc parse_args {} {
#     global argc argv
#     global ip_name part rtl_dirs repo_out ip_version ip_vendor ip_library
# 
#     for {set i 0} {$i < $argc} {incr i} {
#         set arg [lindex $argv $i]
#         switch -exact -- $arg {
#             "-ip_name" {
#                 incr i
#                 set ip_name [lindex $argv $i]
#             }
#             "-part" {
#                 incr i
#                 set part [lindex $argv $i]
#             }
#             "-rtl_dir" {
#                 incr i
#                 lappend rtl_dirs [lindex $argv $i]
#             }
#             "-repo_out" {
#                 incr i
#                 set repo_out [lindex $argv $i]
#             }
#             "-ip_version" {
#                 incr i
#                 set ip_version [lindex $argv $i]
#             }
#             "-ip_vendor" {
#                 incr i
#                 set ip_vendor [lindex $argv $i]
#             }
#             "-ip_library" {
#                 incr i
#                 set ip_library [lindex $argv $i]
#             }
#             "-help" {
#                 puts "Usage: vivado -mode batch -source package_mem_ip.tcl -tclargs <options>"
#                 puts "Options:"
#                 puts "  -ip_name <name>      IP core name (default: mem_subsys)"
#                 puts "  -part <part>         FPGA part number"
#                 puts "  -rtl_dir <dir>       RTL sources directory (repeatable)"
#                 puts "  -repo_out <dir>      Output IP repository directory"
#                 puts "  -ip_version <ver>    IP version (default: 1.0)"
#                 puts "  -ip_vendor <vendor>  IP vendor"
#                 puts "  -ip_library <lib>    IP library (default: user)"
#                 puts "  -help                Show this help message"
#                 exit 0
#             }
#             default {
#                 puts "WARNING: Unknown argument: $arg"
#             }
#         }
#     }
# 
#     if {[llength $rtl_dirs] == 0} {
#         puts "ERROR: at least one -rtl_dir is required"
#         exit 1
#     }
#     if {$repo_out eq ""} {
#         puts "ERROR: -repo_out is required"
#         exit 1
#     }
# }
# parse_args
# set normalized_dirs {}
# foreach d $rtl_dirs {
#     lappend normalized_dirs [file normalize $d]
# }
# set rtl_dirs $normalized_dirs
# set repo_out [file normalize $repo_out]
# puts "============================================================"
============================================================
# puts "Memory Subsystem IP Packaging Script"
Memory Subsystem IP Packaging Script
# puts "============================================================"
============================================================
# puts "IP Name:     $ip_name"
IP Name:     mem_subsys
# puts "IP Version:  $ip_version"
IP Version:  1.0
# puts "Part:        $part"
Part:        xczu3eg-sbva484-1-i
# puts "RTL Dirs:    $rtl_dirs"
RTL Dirs:    /home/mss464/minitpu/tpu/src/system
# puts "Output Repo: $repo_out"
Output Repo: /home/mss464/minitpu/tpu/ip_repo
# puts "============================================================"
============================================================
# file mkdir $repo_out
# set proj_dir [file join [pwd] "pkg_${ip_name}_proj"]
# file delete -force $proj_dir
# puts "\n>>> Step 1: Creating project..."

>>> Step 1: Creating project...
# create_project pkg_${ip_name} $proj_dir -part $part -force
create_project: Time (s): cpu = 00:00:07 ; elapsed = 00:00:07 . Memory (MB): peak = 1560.797 ; gain = 0.023 ; free physical = 13782 ; free virtual = 163096
# set_property target_language Verilog [current_project]
# puts "\n>>> Step 2: Adding RTL files..."

>>> Step 2: Adding RTL files...
# set v_files {}
# set sv_files {}
# foreach rtl_dir $rtl_dirs {
#     puts "  Scanning: $rtl_dir"
#     set v_files [concat $v_files [glob -nocomplain -directory $rtl_dir *.v]]
#     set sv_files [concat $sv_files [glob -nocomplain -directory $rtl_dir *.sv]]
# }
  Scanning: /home/mss464/minitpu/tpu/src/system
# set needed_files {
#     mem_top.sv mem_ctrl.sv device_mem.sv onchip_mem.sv axi_full_slave.sv
#     tpu_slave_axi_lite.v tpu_slave_axi_stream.v tpu_master_axi_stream.v fifo4.sv
# }
# set all_rtl_files [concat $v_files $sv_files]
# set filtered_files {}
# foreach f $all_rtl_files {
#     set fname [file tail $f]
#     if {$fname in $needed_files} {
#         lappend filtered_files $f
#         puts "  Adding: $fname"
#     } else {
#         puts "  Skipping: $fname (not in mem_top design)"
#     }
# }
  Adding: tpu_master_axi_stream.v
  Adding: tpu_slave_axi_lite.v
  Adding: tpu_slave_axi_stream.v
  Adding: device_mem.sv
  Skipping: l2_ctrl.sv (not in mem_top design)
  Skipping: compute_ctrl.sv (not in mem_top design)
  Skipping: dma_engine.sv (not in mem_top design)
  Adding: fifo4.sv
  Skipping: tpu.sv (not in mem_top design)
  Adding: axi_full_slave.sv
  Adding: mem_ctrl.sv
  Adding: mem_top.sv
  Adding: onchip_mem.sv
# if {[llength $filtered_files] == 0} {
#     puts "ERROR: No matching RTL files found"
#     close_project
#     exit 1
# }
# foreach f $filtered_files {
#     add_files -norecurse $f
# }
# foreach f $filtered_files {
#     if {[string match "*.sv" $f]} {
#         set_property file_type "SystemVerilog" [get_files $f]
#     }
# }
# puts "\n>>> Step 3: Creating BRAM IPs..."

>>> Step 3: Creating BRAM IPs...
# puts "  Creating blk_mem_gen_2 (System Memory - 32-bit x 8192)..."
  Creating blk_mem_gen_2 (System Memory - 32-bit x 8192)...
# create_ip -name blk_mem_gen -vendor xilinx.com -library ip -version 8.4 \
#     -module_name blk_mem_gen_2
INFO: [IP_Flow 19-234] Refreshing IP repositories
INFO: [IP_Flow 19-1704] No user IP repositories specified
INFO: [IP_Flow 19-2313] Loaded Vivado IP repository '/opt/xilinx/Vivado/2023.2/data/ip'.
create_ip: Time (s): cpu = 00:00:06 ; elapsed = 00:00:06 . Memory (MB): peak = 1697.340 ; gain = 136.543 ; free physical = 13712 ; free virtual = 163028
# set_property -dict [list \
#     CONFIG.Memory_Type {True_Dual_Port_RAM} \
#     CONFIG.Write_Width_A {32} \
#     CONFIG.Write_Depth_A {8192} \
#     CONFIG.Read_Width_A {32} \
#     CONFIG.Write_Width_B {32} \
#     CONFIG.Read_Width_B {32} \
#     CONFIG.Enable_A {Use_ENA_Pin} \
#     CONFIG.Enable_B {Use_ENB_Pin} \
#     CONFIG.Register_PortA_Output_of_Memory_Primitives {false} \
#     CONFIG.Register_PortB_Output_of_Memory_Primitives {false} \
#     CONFIG.Use_Byte_Write_Enable {false} \
#     CONFIG.Byte_Size {9} \
#     CONFIG.Operating_Mode_A {WRITE_FIRST} \
#     CONFIG.Operating_Mode_B {WRITE_FIRST} \
# ] [get_ips blk_mem_gen_2]
# generate_target all [get_ips blk_mem_gen_2]
INFO: [IP_Flow 19-1686] Generating 'Instantiation Template' target for IP 'blk_mem_gen_2'...
INFO: [IP_Flow 19-1686] Generating 'Synthesis' target for IP 'blk_mem_gen_2'...
INFO: [IP_Flow 19-1686] Generating 'Simulation' target for IP 'blk_mem_gen_2'...
INFO: [IP_Flow 19-1686] Generating 'Miscellaneous' target for IP 'blk_mem_gen_2'...
INFO: [IP_Flow 19-1686] Generating 'Change Log' target for IP 'blk_mem_gen_2'...
# export_ip_user_files -of_objects [get_ips blk_mem_gen_2] -no_script -force
# puts "  Creating blk_mem_gen_3 (On-Chip Memory - 32-bit x 32768)..."
  Creating blk_mem_gen_3 (On-Chip Memory - 32-bit x 32768)...
# create_ip -name blk_mem_gen -vendor xilinx.com -library ip -version 8.4 \
#     -module_name blk_mem_gen_3
# set_property -dict [list \
#     CONFIG.Memory_Type {True_Dual_Port_RAM} \
#     CONFIG.Write_Width_A {32} \
#     CONFIG.Write_Depth_A {32768} \
#     CONFIG.Read_Width_A {32} \
#     CONFIG.Write_Width_B {32} \
#     CONFIG.Read_Width_B {32} \
#     CONFIG.Enable_A {Use_ENA_Pin} \
#     CONFIG.Enable_B {Use_ENB_Pin} \
#     CONFIG.Register_PortA_Output_of_Memory_Primitives {false} \
#     CONFIG.Register_PortB_Output_of_Memory_Primitives {false} \
#     CONFIG.Use_Byte_Write_Enable {false} \
#     CONFIG.Byte_Size {9} \
#     CONFIG.Operating_Mode_A {WRITE_FIRST} \
#     CONFIG.Operating_Mode_B {WRITE_FIRST} \
# ] [get_ips blk_mem_gen_3]
# generate_target all [get_ips blk_mem_gen_3]
INFO: [IP_Flow 19-1686] Generating 'Instantiation Template' target for IP 'blk_mem_gen_3'...
INFO: [IP_Flow 19-1686] Generating 'Synthesis' target for IP 'blk_mem_gen_3'...
INFO: [IP_Flow 19-1686] Generating 'Simulation' target for IP 'blk_mem_gen_3'...
INFO: [IP_Flow 19-1686] Generating 'Miscellaneous' target for IP 'blk_mem_gen_3'...
INFO: [IP_Flow 19-1686] Generating 'Change Log' target for IP 'blk_mem_gen_3'...
# export_ip_user_files -of_objects [get_ips blk_mem_gen_3] -no_script -force
# puts "  BRAM IPs created successfully."
  BRAM IPs created successfully.
# puts "\n>>> Step 4: Setting top module to mem_top..."

>>> Step 4: Setting top module to mem_top...
# set_property top mem_top [current_fileset]
# update_compile_order -fileset sources_1
# puts "\n>>> Step 5: Packaging IP..."

>>> Step 5: Packaging IP...
# set ip_out_dir [file join $repo_out "${ip_name}_${ip_version}"]
# file mkdir $ip_out_dir
# ipx::package_project -root_dir $ip_out_dir -vendor $ip_vendor -library $ip_library \
#     -taxonomy /UserIP -import_files -set_current true
WARNING: [IP_Flow 19-5101] Packaging a component with a SystemVerilog top file is not fully supported. Please refer to UG1118 'Creating and Packaging Custom IP'.
WARNING: [IP_Flow 19-587] [HDL Parser] HDL port or parameter 'mc_owns_scalar' has a dependency on the module local parameter or undefined parameter 'MODE_OC_TO_SYS'.
WARNING: [IP_Flow 19-587] [HDL Parser] HDL port or parameter 'mc_owns_scalar' has a dependency on the module local parameter or undefined parameter 'MODE_SYS_TO_OC'.
INFO: [IP_Flow 19-5107] Inferred bus interface 'm00_axis' of definition 'xilinx.com:interface:axis:1.0' (from Xilinx Repository).
INFO: [IP_Flow 19-5107] Inferred bus interface 's00_axis' of definition 'xilinx.com:interface:axis:1.0' (from Xilinx Repository).
INFO: [IP_Flow 19-5107] Inferred bus interface 's00_axi' of definition 'xilinx.com:interface:aximm:1.0' (from Xilinx Repository).
INFO: [IP_Flow 19-5107] Inferred bus interface 's01_axi' of definition 'xilinx.com:interface:aximm:1.0' (from Xilinx Repository).
INFO: [IP_Flow 19-5107] Inferred bus interface 'm00_axis_aresetn' of definition 'xilinx.com:signal:reset:1.0' (from Xilinx Repository).
INFO: [IP_Flow 19-5107] Inferred bus interface 's00_axi_aresetn' of definition 'xilinx.com:signal:reset:1.0' (from Xilinx Repository).
INFO: [IP_Flow 19-5107] Inferred bus interface 's00_axis_aresetn' of definition 'xilinx.com:signal:reset:1.0' (from Xilinx Repository).
INFO: [IP_Flow 19-5107] Inferred bus interface 's01_axi_aresetn' of definition 'xilinx.com:signal:reset:1.0' (from Xilinx Repository).
INFO: [IP_Flow 19-5107] Inferred bus interface 'm00_axis_aclk' of definition 'xilinx.com:signal:clock:1.0' (from Xilinx Repository).
INFO: [IP_Flow 19-5107] Inferred bus interface 's00_axi_aclk' of definition 'xilinx.com:signal:clock:1.0' (from Xilinx Repository).
INFO: [IP_Flow 19-5107] Inferred bus interface 's00_axis_aclk' of definition 'xilinx.com:signal:clock:1.0' (from Xilinx Repository).
INFO: [IP_Flow 19-5107] Inferred bus interface 's01_axi_aclk' of definition 'xilinx.com:signal:clock:1.0' (from Xilinx Repository).
INFO: [IP_Flow 19-4728] Bus Interface 'm00_axis_aresetn': Added interface parameter 'POLARITY' with value 'ACTIVE_LOW'.
INFO: [IP_Flow 19-4728] Bus Interface 's00_axi_aresetn': Added interface parameter 'POLARITY' with value 'ACTIVE_LOW'.
INFO: [IP_Flow 19-4728] Bus Interface 's00_axis_aresetn': Added interface parameter 'POLARITY' with value 'ACTIVE_LOW'.
INFO: [IP_Flow 19-4728] Bus Interface 's01_axi_aresetn': Added interface parameter 'POLARITY' with value 'ACTIVE_LOW'.
INFO: [IP_Flow 19-4728] Bus Interface 'm00_axis_aclk': Added interface parameter 'ASSOCIATED_BUSIF' with value 'm00_axis'.
INFO: [IP_Flow 19-4728] Bus Interface 's00_axi_aclk': Added interface parameter 'ASSOCIATED_BUSIF' with value 's00_axi'.
INFO: [IP_Flow 19-4728] Bus Interface 's00_axis_aclk': Added interface parameter 'ASSOCIATED_BUSIF' with value 's00_axis'.
INFO: [IP_Flow 19-4728] Bus Interface 's01_axi_aclk': Added interface parameter 'ASSOCIATED_BUSIF' with value 's01_axi'.
INFO: [IP_Flow 19-4728] Bus Interface 'm00_axis_aclk': Added interface parameter 'ASSOCIATED_RESET' with value 'm00_axis_aresetn'.
INFO: [IP_Flow 19-4728] Bus Interface 's00_axi_aclk': Added interface parameter 'ASSOCIATED_RESET' with value 's00_axi_aresetn'.
INFO: [IP_Flow 19-4728] Bus Interface 's00_axis_aclk': Added interface parameter 'ASSOCIATED_RESET' with value 's00_axis_aresetn'.
INFO: [IP_Flow 19-4728] Bus Interface 's01_axi_aclk': Added interface parameter 'ASSOCIATED_RESET' with value 's01_axi_aresetn'.
WARNING: [IP_Flow 19-11770] Clock interface 'm00_axis_aclk' has no FREQ_HZ parameter.
WARNING: [IP_Flow 19-11770] Clock interface 's00_axi_aclk' has no FREQ_HZ parameter.
WARNING: [IP_Flow 19-11770] Clock interface 's00_axis_aclk' has no FREQ_HZ parameter.
WARNING: [IP_Flow 19-11770] Clock interface 's01_axi_aclk' has no FREQ_HZ parameter.
INFO: [IP_Flow 19-2181] Payment Required is not set for this core.
INFO: [IP_Flow 19-2187] The Product Guide file is missing.
# set core [ipx::current_core]
# set_property name $ip_name $core
# set_property version $ip_version $core
# set_property display_name "Memory Subsystem" $core
# set_property description "Memory subsystem with AXI-Lite, AXI-Stream, AXI4-Full interfaces" $core
# set_property vendor_display_name "MiniTPU" $core
# puts "\n>>> Step 6: Verifying AXI interfaces..."

>>> Step 6: Verifying AXI interfaces...
# puts "  Auto-inferred bus interfaces:"
  Auto-inferred bus interfaces:
# foreach intf [ipx::get_bus_interfaces -of_objects $core] {
#     set intf_name [get_property NAME $intf]
#     set intf_mode [get_property INTERFACE_MODE $intf]
#     set intf_vlnv [get_property ABSTRACTION_TYPE_VLNV $intf]
#     puts "    - $intf_name ($intf_mode) : $intf_vlnv"
# }
    - m00_axis (master) : xilinx.com:interface:axis_rtl:1.0
    - s00_axis (slave) : xilinx.com:interface:axis_rtl:1.0
    - s00_axi (slave) : xilinx.com:interface:aximm_rtl:1.0
    - s01_axi (slave) : xilinx.com:interface:aximm_rtl:1.0
    - m00_axis_aresetn (slave) : xilinx.com:signal:reset_rtl:1.0
    - s00_axi_aresetn (slave) : xilinx.com:signal:reset_rtl:1.0
    - s00_axis_aresetn (slave) : xilinx.com:signal:reset_rtl:1.0
    - s01_axi_aresetn (slave) : xilinx.com:signal:reset_rtl:1.0
    - m00_axis_aclk (slave) : xilinx.com:signal:clock_rtl:1.0
    - s00_axi_aclk (slave) : xilinx.com:signal:clock_rtl:1.0
    - s00_axis_aclk (slave) : xilinx.com:signal:clock_rtl:1.0
    - s01_axi_aclk (slave) : xilinx.com:signal:clock_rtl:1.0
# set required_intfs {s00_axi s00_axis m00_axis s01_axi}
# foreach req_intf $required_intfs {
#     if {[llength [ipx::get_bus_interfaces $req_intf -of_objects $core -quiet]] == 0} {
#         puts "WARNING: Expected interface '$req_intf' not found!"
#     } else {
#         puts "  OK: Interface '$req_intf' found"
#     }
# }
  OK: Interface 's00_axi' found
  OK: Interface 's00_axis' found
  OK: Interface 'm00_axis' found
  OK: Interface 's01_axi' found
# puts "\n>>> Step 7: Adding memory maps..."

>>> Step 7: Adding memory maps...
# set axi_lite_intf [ipx::get_bus_interfaces s00_axi -of_objects $core]
# if {[llength [ipx::get_memory_maps s00_axi -of_objects $core -quiet]] == 0} {
#     ipx::add_memory_map s00_axi $core
#     set_property slave_memory_map_ref s00_axi $axi_lite_intf
#     ipx::add_address_block reg0 [ipx::get_memory_maps s00_axi -of_objects $core]
#     set addr_block [ipx::get_address_blocks reg0 -of_objects [ipx::get_memory_maps s00_axi -of_objects $core]]
#     set_property range 64 $addr_block
#     set_property width 32 $addr_block
#     puts "  Added AXI-Lite memory map: 64 bytes"
# }
# set axi_full_intf [ipx::get_bus_interfaces s01_axi -of_objects $core -quiet]
# if {[llength $axi_full_intf] > 0} {
#     if {[llength [ipx::get_memory_maps s01_axi -of_objects $core -quiet]] == 0} {
#         ipx::add_memory_map s01_axi $core
#         set_property slave_memory_map_ref s01_axi $axi_full_intf
#         ipx::add_address_block mem0 [ipx::get_memory_maps s01_axi -of_objects $core]
#         set addr_block [ipx::get_address_blocks mem0 -of_objects [ipx::get_memory_maps s01_axi -of_objects $core]]
#         set_property range 262144 $addr_block
#         set_property width 32 $addr_block
#         puts "  Added AXI4-Full memory map: 256KB"
#     }
# }
# puts "\n>>> Step 8: Finalizing IP package..."

>>> Step 8: Finalizing IP package...
# catch {set_property display_name "S00_AXI" [ipx::get_bus_interfaces s00_axi -of_objects $core]}
# catch {set_property display_name "S00_AXIS" [ipx::get_bus_interfaces s00_axis -of_objects $core]}
# catch {set_property display_name "M00_AXIS" [ipx::get_bus_interfaces m00_axis -of_objects $core]}
# catch {set_property display_name "S01_AXI" [ipx::get_bus_interfaces s01_axi -of_objects $core]}
# ipx::create_xgui_files $core
# ipx::update_checksums $core
# ipx::check_integrity $core
WARNING: [IP_Flow 19-11770] Clock interface 'm00_axis_aclk' has no FREQ_HZ parameter.
WARNING: [IP_Flow 19-11770] Clock interface 's00_axi_aclk' has no FREQ_HZ parameter.
WARNING: [IP_Flow 19-11770] Clock interface 's00_axis_aclk' has no FREQ_HZ parameter.
WARNING: [IP_Flow 19-11770] Clock interface 's01_axi_aclk' has no FREQ_HZ parameter.
INFO: [IP_Flow 19-2181] Payment Required is not set for this core.
INFO: [IP_Flow 19-2187] The Product Guide file is missing.
INFO: [Ipptcl 7-1486] check_integrity: Integrity check passed.
# ipx::save_core $core
# close_project
# file delete -force $proj_dir
# set vlnv "${ip_vendor}:${ip_library}:${ip_name}:${ip_version}"
# puts ""

# puts "============================================================"
============================================================
# puts "IP PACKAGING COMPLETE"
IP PACKAGING COMPLETE
# puts "============================================================"
============================================================
# puts "IP Location: $ip_out_dir"
IP Location: /home/mss464/minitpu/tpu/ip_repo/mem_subsys_1.0
# puts "VLNV:        $vlnv"
VLNV:        :user:mem_subsys:1.0
# puts "============================================================"
============================================================
# exit 0
INFO: [Common 17-206] Exiting Vivado at Mon Apr  6 12:30:12 2026...
